Microchip MPLAB XC8 Compiler V2.10 ()

Linker command line:

-W-3 --edf=/Applications/microchip/xc8/v2.10/pic/dat/en_msgs.txt -cs \
  -h+dist/default/production/DigitalWatch.X.production.sym \
  --cmf=dist/default/production/DigitalWatch.X.production.cmf -z -Q18F8722 \
  -o/tmp/xcYvxy1mv --defsym=__MPLAB_BUILD=1 \
  -Mdist/default/production/DigitalWatch.X.production.map -E1 -ver=XC8 \
  --acfsm=1493 -ASTACK=060h-0F5Fh -pstack=STACK -ACODE=00h-01FFFFh \
  -ACONST=00h-01FFFFh -ASMALLCONST=01000h-010FFhx496 \
  -AMEDIUMCONST=01000h-0FFFFh,011000h-01FFFFh -ACOMRAM=01h-05Fh \
  -AABS1=00h-0F5Fh -ABIGRAM=01h-0F5Fh \
  -ARAM=060h-0FFh,0100h-01FFhx14,0F00h-0F5Fh -ABANK0=060h-0FFh \
  -ABANK1=0100h-01FFh -ABANK2=0200h-02FFh -ABANK3=0300h-03FFh \
  -ABANK4=0400h-04FFh -ABANK5=0500h-05FFh -ABANK6=0600h-06FFh \
  -ABANK7=0700h-07FFh -ABANK8=0800h-08FFh -ABANK9=0900h-09FFh \
  -ABANK10=0A00h-0AFFh -ABANK11=0B00h-0BFFh -ABANK12=0C00h-0CFFh \
  -ABANK13=0D00h-0DFFh -ABANK14=0E00h-0EFFh -ABANK15=0F00h-0F5Fh \
  -ASFR=0F60h-0FFFh -preset_vec=00h,intcode=08h,intcodelo,powerup,init \
  -pramtop=01000h -psmallconst=SMALLCONST -pmediumconst=MEDIUMCONST \
  -pconst=CONST -AFARRAM=00h-00h -ACONFIG=0300000h-030000Dh -pconfig=CONFIG \
  -AIDLOC=0200000h-0200007h -pidloc=IDLOC -AEEDATA=0F00000h-0F003FFh \
  -peeprom_data=EEDATA \
  -prdata=COMRAM,nvrram=COMRAM,nvbit=COMRAM,rbss=COMRAM,rbit=COMRAM \
  -pfarbss=FARRAM,fardata=FARRAM,nvFARRAM=FARRAM \
  -pintsave_regs=BIGRAM,bigbss=BIGRAM,bigdata=BIGRAM -pbss=RAM \
  -pidata=CODE,irdata=CODE,ibigdata=CODE,ifardata=CODE -prparam=COMRAM \
  /tmp/xcPLfAIiJ.o dist/default/production/DigitalWatch.X.production.o 

Object code version is 3.11

Machine type is 18F8722

Call graph: (short form)




                Name                               Link     Load   Length Selector   Space Scale
/tmp/xcPLfAIiJ.o
                init                                  E        E        4        4       0
                reset_vec                             0        0        4        0       0
                idloc                            200000   200000        8   200000       0
                config                           300000   300000        E   300000       0
dist/default/production/DigitalWatch.X.production.o
                intcode                               8        8        6        4       0
                temp                                 3A       3A        1        1       1
                smallconst                         1000     1000       44      800       0
                text28                             203A     203A       48      822       0
                text27                             1FF2     1FF2       48      822       0
                text26                             1C46     1C46       C2      822       0
                intcode_body                       20C0     20C0       38      822       0
                text24                             2162     2162       12      822       0
                text23                             1E56     1E56       70      822       0
                text22                             2148     2148       1A      822       0
                text21                             1F2C     1F2C       66      822       0
                text20                             212E     212E       1A      822       0
                text19                             1F92     1F92       60      822       0
                text18                             2198     2198        A      822       0
                text17                             1EC6     1EC6       66      822       0
                text16                             2082     2082       3E      822       0
                text15                             1B82     1B82       C4      822       0
                text14                             1D08     1D08       B0      822       0
                text13                             1AB4     1AB4       CE      822       0
                text12                             17B8     17B8      128      822       0
                text11                             1690     1690      128      822       0
                text10                             1568     1568      128      822       0
                text9                              19E6     19E6       CE      822       0
                text8                              218E     218E        A      822       0
                text7                              1438     1438      130      822       0
                text6                              1308     1308      130      822       0
                text5                              11D8     11D8      130      822       0
                text4                              1DB8     1DB8       9E      822       0
                text3                              2184     2184        A      822       0
                text2                              18E0     18E0      106      822       0
                text1                              2174     2174       10      822       0
                text0                              1044     1044      194      822       0
                cstackCOMRAM                         21       21       15        1       1
                dataCOMRAM                           36       36        4        1       1
                bssCOMRAM                             1        1       20        1       1
                cinit                              20F8     20F8       36      822       0
                idataCOMRAM                        21A2     21A2        4      822       0

TOTAL           Name                               Link     Load   Length     Space
        CLASS   STACK          

        CLASS   CODE           
                intcode                               8        8        6         0
                init                                  E        E        4         0
                reset_vec                             0        0        4         0
                text28                             203A     203A       48         0
                text27                             1FF2     1FF2       48         0
                text26                             1C46     1C46       C2         0
                intcode_body                       20C0     20C0       38         0
                text24                             2162     2162       12         0
                text23                             1E56     1E56       70         0
                text22                             2148     2148       1A         0
                text21                             1F2C     1F2C       66         0
                text20                             212E     212E       1A         0
                text19                             1F92     1F92       60         0
                text18                             2198     2198        A         0
                text17                             1EC6     1EC6       66         0
                text16                             2082     2082       3E         0
                text15                             1B82     1B82       C4         0
                text14                             1D08     1D08       B0         0
                text13                             1AB4     1AB4       CE         0
                text12                             17B8     17B8      128         0
                text11                             1690     1690      128         0
                text10                             1568     1568      128         0
                text9                              19E6     19E6       CE         0
                text8                              218E     218E        A         0
                text7                              1438     1438      130         0
                text6                              1308     1308      130         0
                text5                              11D8     11D8      130         0
                text4                              1DB8     1DB8       9E         0
                text3                              2184     2184        A         0
                text2                              18E0     18E0      106         0
                text1                              2174     2174       10         0
                text0                              1044     1044      194         0
                cinit                              20F8     20F8       36         0
                idataCOMRAM                        21A2     21A2        4         0

        CLASS   CONST          

        CLASS   SMALLCONST     
                smallconst                         1000     1000       44         0

        CLASS   MEDIUMCONST    

        CLASS   COMRAM         
                temp                                 3A       3A        1         1
                cstackCOMRAM                         21       21       15         1
                dataCOMRAM                           36       36        4         1
                bssCOMRAM                             1        1       20         1

        CLASS   ABS1           

        CLASS   BIGRAM         

        CLASS   RAM            

        CLASS   BANK0          

        CLASS   BANK1          

        CLASS   BANK2          

        CLASS   BANK3          

        CLASS   BANK4          

        CLASS   BANK5          

        CLASS   BANK6          

        CLASS   BANK7          

        CLASS   BANK8          

        CLASS   BANK9          

        CLASS   BANK10         

        CLASS   BANK11         

        CLASS   BANK12         

        CLASS   BANK13         

        CLASS   BANK14         

        CLASS   BANK15         

        CLASS   SFR            

        CLASS   FARRAM         

        CLASS   CONFIG         
                config                           300000   300000        E         0

        CLASS   IDLOC          
                idloc                            200000   200000        8         0

        CLASS   EEDATA         



SEGMENTS        Name                           Load    Length   Top    Selector   Space  Class

                bssCOMRAM                      000001  00003A  00003B         1       1  COMRAM  
                reset_vec                      000000  000004  000004         0       0  CODE    
                text0                          001044  001162  0021A6       822       0  CODE    
                intcode                        000008  00000A  000012         4       0  CODE    
                idloc                          200000  000008  200008    200000       0  IDLOC   
                config                         300000  00000E  30000E    300000       0  CONFIG  
                smallconst                     001000  000044  001044       800       0  SMALLCON


UNUSED ADDRESS RANGES

        Name                Unused          Largest block    Delta
        BANK0            000060-0000FF               A0
        BANK1            000100-0001FF              100
        BANK10           000A00-000AFF              100
        BANK11           000B00-000BFF              100
        BANK12           000C00-000CFF              100
        BANK13           000D00-000DFF              100
        BANK14           000E00-000EFF              100
        BANK15           000F00-000F5F               60
        BANK2            000200-0002FF              100
        BANK3            000300-0003FF              100
        BANK4            000400-0004FF              100
        BANK5            000500-0005FF              100
        BANK6            000600-0006FF              100
        BANK7            000700-0007FF              100
        BANK8            000800-0008FF              100
        BANK9            000900-0009FF              100
        BIGRAM           00003B-000F5F              F25
        CODE             000004-000007                4
                         000012-000FFF              FEE
                         0021A6-01FFFF            1DE5A
        COMRAM           00003B-00005F               25
        CONST            000004-000007                4
                         000012-000FFF              FEE
                         0021A6-01FFFF            1DE5A
        EEDATA           F00000-F003FF              400
        MEDIUMCONST      0021A6-00FFFF             DE5A
                         011000-01FFFF             F000
        RAM              000060-000F5F              100
        SFR              000F60-000FFF               A0
        SMALLCONST       0021A6-01FFFF              100
        STACK            000060-000F5F              F00

                                  Symbol Table

?___awdiv                       cstackCOMRAM 000029
?___awmod                       cstackCOMRAM 000029
?_readRA5Button                 cstackCOMRAM 000021
?_readRB0Button                 cstackCOMRAM 000021
LCDPutChar@ch                   cstackCOMRAM 00002F
LCDPutInst@ch                   cstackCOMRAM 00002F
LCDPutStr@ptr                   cstackCOMRAM 000030
Port_BBSPIInit@port_dir         cstackCOMRAM 00002C
SendByteBBSPI@bitcount          cstackCOMRAM 00002A
SendByteBBSPI@input             cstackCOMRAM 00002B
SendByteBBSPI@output            cstackCOMRAM 000029
WritePort_BBSPI@a               cstackCOMRAM 00002C
WritePort_BBSPI@port_add        cstackCOMRAM 00002D
_ADCON1                         (abs)        000FC1
_INTCONbits                     (abs)        000FF2
_InitBBSPI                      text24       002162
_LATAbits                       (abs)        000F89
_LATCbits                       (abs)        000F8B
_LATD                           (abs)        000F8C
_LATFbits                       (abs)        000F8E
_LCDInit                        text19       001F92
_LCDPutChar                     text17       001EC6
_LCDPutInst                     text21       001F2C
_LCDPutStr                      text16       002082
_OSCCON                         (abs)        000FD3
_OSCTUNE                        (abs)        000F9B
_PORTAbits                      (abs)        000F80
_PORTBbits                      (abs)        000F81
_Port_BBSPIInit                 text20       00212E
_SendByteBBSPI                  text23       001E56
_T0CON                          (abs)        000FD5
_TMR0L                          (abs)        000FD6
_TRISAbits                      (abs)        000F92
_TRISBbits                      (abs)        000F93
_TRISCbits                      (abs)        000F94
_TRISD                          (abs)        000F95
_TRISFbits                      (abs)        000F97
_WritePort_BBSPI                text22       002148
__CFG_BOREN$OFF                 (abs)        000000
__CFG_FCMEN$OFF                 (abs)        000000
__CFG_IESO$OFF                  (abs)        000000
__CFG_LVP$OFF                   (abs)        000000
__CFG_MCLRE$ON                  (abs)        000000
__CFG_OSC$HSPLL                 (abs)        000000
__CFG_PWRT$OFF                  (abs)        000000
__CFG_WDT$OFF                   (abs)        000000
__CFG_XINST$OFF                 (abs)        000000
__HRAM                          (abs)        000000
__Habs1                         abs1         000000
__Hbank0                        bank0        000000
__Hbank1                        bank1        000000
__Hbank10                       bank10       000000
__Hbank11                       bank11       000000
__Hbank12                       bank12       000000
__Hbank13                       bank13       000000
__Hbank14                       bank14       000000
__Hbank15                       bank15       000000
__Hbank2                        bank2        000000
__Hbank3                        bank3        000000
__Hbank4                        bank4        000000
__Hbank5                        bank5        000000
__Hbank6                        bank6        000000
__Hbank7                        bank7        000000
__Hbank8                        bank8        000000
__Hbank9                        bank9        000000
__Hbigbss                       bigbss       000000
__Hbigdata                      bigdata      000000
__Hbigram                       bigram       000000
__Hbss                          bss          000000
__HbssCOMRAM                    bssCOMRAM    000000
__Hcinit                        cinit        000000
__Hclrtext                      clrtext      000000
__Hcomram                       comram       000000
__Hconfig                       config       30000E
__Hconst                        const        000000
__HcstackCOMRAM                 cstackCOMRAM 000000
__Hdata                         data         000000
__HdataCOMRAM                   dataCOMRAM   000000
__Heeprom_data                  eeprom_data  000000
__Hfarbss                       farbss       000000
__Hfardata                      fardata      000000
__Hibigdata                     ibigdata     000000
__Hidata                        idata        000000
__HidataCOMRAM                  idataCOMRAM  000000
__Hidloc                        idloc        200008
__Hifardata                     ifardata     000000
__Hinit                         init         000012
__Hintcode                      intcode      00000E
__Hintcode_body                 intcode_body 000000
__Hintcodelo                    intcodelo    00000E
__Hintentry                     intentry     000000
__Hintret                       intret       000000
__Hintsave_regs                 intsave_regs 000000
__Hirdata                       irdata       000000
__Hmediumconst                  mediumconst  000000
__HnvFARRAM                     nvFARRAM     000000
__Hnvbit                        nvbit        000000
__Hnvrram                       nvrram       000000
__Hparam                        rparam       000000
__Hpowerup                      powerup      00000E
__Hram                          ram          000000
__Hramtop                       ramtop       001000
__Hrbit                         rbit         000000
__Hrbss                         rbss         000000
__Hrdata                        rdata        000000
__Hreset_vec                    reset_vec    000004
__Hrparam                       rparam       000000
__Hsfr                          sfr          000000
__Hsmallconst                   smallconst   001044
__Hspace_0                      (abs)        30000E
__Hspace_1                      (abs)        00003B
__Hspace_2                      (abs)        000000
__Hstack                        stack        000000
__Hstruct                       struct       000000
__Htemp                         temp         00003B
__Htext                         text         000000
__Htext0                        text0        000000
__Htext1                        text1        000000
__Htext10                       text10       000000
__Htext11                       text11       000000
__Htext12                       text12       000000
__Htext13                       text13       000000
__Htext14                       text14       000000
__Htext15                       text15       000000
__Htext16                       text16       000000
__Htext17                       text17       000000
__Htext18                       text18       000000
__Htext19                       text19       000000
__Htext2                        text2        000000
__Htext20                       text20       000000
__Htext21                       text21       000000
__Htext22                       text22       000000
__Htext23                       text23       000000
__Htext24                       text24       000000
__Htext26                       text26       000000
__Htext27                       text27       000000
__Htext28                       text28       000000
__Htext3                        text3        000000
__Htext4                        text4        000000
__Htext5                        text5        000000
__Htext6                        text6        000000
__Htext7                        text7        000000
__Htext8                        text8        000000
__Htext9                        text9        000000
__LRAM                          (abs)        000001
__Labs1                         abs1         000000
__Lbank0                        bank0        000000
__Lbank1                        bank1        000000
__Lbank10                       bank10       000000
__Lbank11                       bank11       000000
__Lbank12                       bank12       000000
__Lbank13                       bank13       000000
__Lbank14                       bank14       000000
__Lbank15                       bank15       000000
__Lbank2                        bank2        000000
__Lbank3                        bank3        000000
__Lbank4                        bank4        000000
__Lbank5                        bank5        000000
__Lbank6                        bank6        000000
__Lbank7                        bank7        000000
__Lbank8                        bank8        000000
__Lbank9                        bank9        000000
__Lbigbss                       bigbss       000000
__Lbigdata                      bigdata      000000
__Lbigram                       bigram       000000
__Lbss                          bss          000000
__LbssCOMRAM                    bssCOMRAM    000000
__Lcinit                        cinit        000000
__Lclrtext                      clrtext      000000
__Lcomram                       comram       000000
__Lconfig                       config       300000
__Lconst                        const        000000
__LcstackCOMRAM                 cstackCOMRAM 000000
__Ldata                         data         000000
__LdataCOMRAM                   dataCOMRAM   000000
__Leeprom_data                  eeprom_data  000000
__Lfarbss                       farbss       000000
__Lfardata                      fardata      000000
__Libigdata                     ibigdata     000000
__Lidata                        idata        000000
__LidataCOMRAM                  idataCOMRAM  000000
__Lidloc                        idloc        200000
__Lifardata                     ifardata     000000
__Linit                         init         00000E
__Lintcode                      intcode      000008
__Lintcode_body                 intcode_body 000000
__Lintcodelo                    intcodelo    00000E
__Lintentry                     intentry     000000
__Lintret                       intret       000000
__Lintsave_regs                 intsave_regs 000000
__Lirdata                       irdata       000000
__Lmediumconst                  mediumconst  000000
__LnvFARRAM                     nvFARRAM     000000
__Lnvbit                        nvbit        000000
__Lnvrram                       nvrram       000000
__Lparam                        rparam       000000
__Lpowerup                      powerup      00000E
__Lram                          ram          000000
__Lramtop                       ramtop       001000
__Lrbit                         rbit         000000
__Lrbss                         rbss         000000
__Lrdata                        rdata        000000
__Lreset_vec                    reset_vec    000000
__Lrparam                       rparam       000000
__Lsfr                          sfr          000000
__Lsmallconst                   smallconst   001000
__Lspace_0                      (abs)        000000
__Lspace_1                      (abs)        000000
__Lspace_2                      (abs)        000000
__Lstack                        stack        000000
__Lstruct                       struct       000000
__Ltemp                         temp         00003A
__Ltext                         text         000000
__Ltext0                        text0        000000
__Ltext1                        text1        000000
__Ltext10                       text10       000000
__Ltext11                       text11       000000
__Ltext12                       text12       000000
__Ltext13                       text13       000000
__Ltext14                       text14       000000
__Ltext15                       text15       000000
__Ltext16                       text16       000000
__Ltext17                       text17       000000
__Ltext18                       text18       000000
__Ltext19                       text19       000000
__Ltext2                        text2        000000
__Ltext20                       text20       000000
__Ltext21                       text21       000000
__Ltext22                       text22       000000
__Ltext23                       text23       000000
__Ltext24                       text24       000000
__Ltext26                       text26       000000
__Ltext27                       text27       000000
__Ltext28                       text28       000000
__Ltext3                        text3        000000
__Ltext4                        text4        000000
__Ltext5                        text5        000000
__Ltext6                        text6        000000
__Ltext7                        text7        000000
__Ltext8                        text8        000000
__Ltext9                        text9        000000
__S0                            (abs)        30000E
__S1                            (abs)        00003B
__S2                            (abs)        000000
___awdiv                        text15       001B82
___awdiv@counter                cstackCOMRAM 00002D
___awdiv@dividend               cstackCOMRAM 000029
___awdiv@divisor                cstackCOMRAM 00002B
___awdiv@quotient               cstackCOMRAM 00002F
___awdiv@sign                   cstackCOMRAM 00002E
___awmod                        text14       001D08
___awmod@counter                cstackCOMRAM 00002D
___awmod@dividend               cstackCOMRAM 000029
___awmod@divisor                cstackCOMRAM 00002B
___awmod@sign                   cstackCOMRAM 00002E
___extmem_base                  (abs)        020000
___inthi_sp                     stack        000000
___intlo_sp                     stack        000000
___param_bank                   (abs)        000000
___rparam_used                  (abs)        000001
___sp                           stack        000000
__accesstop                     (abs)        000060
__activetblptr                  (abs)        000003
__end_of_InitBBSPI              text24       002174
__end_of_LCDInit                text19       001FF2
__end_of_LCDPutChar             text17       001F2C
__end_of_LCDPutInst             text21       001F92
__end_of_LCDPutStr              text16       0020C0
__end_of_Port_BBSPIInit         text20       002148
__end_of_SendByteBBSPI          text23       001EC6
__end_of_WritePort_BBSPI        text22       002162
__end_of___awdiv                text15       001C46
__end_of___awmod                text14       001DB8
__end_of__initialization        cinit        002124
__end_of_button                 text26       001D08
__end_of_buttonInitialize       text18       0021A2
__end_of_deviceInterrupt        intcode_body 0020F8
__end_of_displayClock           text13       001B82
__end_of_displayModHour         text12       0018E0
__end_of_displayModMinute       text11       0017B8
__end_of_displayModSecond       text10       001690
__end_of_displayStpWatch        text9        001AB4
__end_of_ledInitialize          text8        002198
__end_of_main                   text0        0011D8
__end_of_modifyHour             text7        001568
__end_of_modifyMinute           text6        001438
__end_of_modifySecond           text5        001308
__end_of_norClock               text4        001E56
__end_of_oscillationInitialize  text3        00218E
__end_of_readRA5Button          text28       002082
__end_of_readRB0Button          text27       00203A
__end_of_stopWatch              text2        0019E6
__end_of_timerInitialize        text1        002184
__initialization                cinit        0020F8
__mediumconst                   mediumconst  000000
__pbssCOMRAM                    bssCOMRAM    000001
__pcinit                        cinit        0020F8
__pcstackCOMRAM                 cstackCOMRAM 000021
__pdataCOMRAM                   dataCOMRAM   000036
__pidataCOMRAM                  idataCOMRAM  0021A2
__pintcode                      intcode      000008
__pintcode_body                 intcode_body 0020C0
__psmallconst                   smallconst   001000
__ptext0                        text0        001044
__ptext1                        text1        002174
__ptext10                       text10       001568
__ptext11                       text11       001690
__ptext12                       text12       0017B8
__ptext13                       text13       001AB4
__ptext14                       text14       001D08
__ptext15                       text15       001B82
__ptext16                       text16       002082
__ptext17                       text17       001EC6
__ptext18                       text18       002198
__ptext19                       text19       001F92
__ptext2                        text2        0018E0
__ptext20                       text20       00212E
__ptext21                       text21       001F2C
__ptext22                       text22       002148
__ptext23                       text23       001E56
__ptext24                       text24       002162
__ptext26                       text26       001C46
__ptext27                       text27       001FF2
__ptext28                       text28       00203A
__ptext3                        text3        002184
__ptext4                        text4        001DB8
__ptext5                        text5        0011D8
__ptext6                        text6        001308
__ptext7                        text7        001438
__ptext8                        text8        00218E
__ptext9                        text9        0019E6
__ramtop                        ramtop       001000
__size_of_InitBBSPI             (abs)        000000
__size_of_LCDInit               (abs)        000000
__size_of_LCDPutChar            (abs)        000000
__size_of_LCDPutInst            (abs)        000000
__size_of_LCDPutStr             (abs)        000000
__size_of_Port_BBSPIInit        (abs)        000000
__size_of_SendByteBBSPI         (abs)        000000
__size_of_WritePort_BBSPI       (abs)        000000
__size_of___awdiv               (abs)        000000
__size_of___awmod               (abs)        000000
__size_of_button                (abs)        000000
__size_of_buttonInitialize      (abs)        000000
__size_of_deviceInterrupt       (abs)        000000
__size_of_displayClock          (abs)        000000
__size_of_displayModHour        (abs)        000000
__size_of_displayModMinute      (abs)        000000
__size_of_displayModSecond      (abs)        000000
__size_of_displayStpWatch       (abs)        000000
__size_of_ledInitialize         (abs)        000000
__size_of_main                  (abs)        000000
__size_of_modifyHour            (abs)        000000
__size_of_modifyMinute          (abs)        000000
__size_of_modifySecond          (abs)        000000
__size_of_norClock              (abs)        000000
__size_of_oscillationInitialize (abs)        000000
__size_of_readRA5Button         (abs)        000000
__size_of_readRB0Button         (abs)        000000
__size_of_stopWatch             (abs)        000000
__size_of_timerInitialize       (abs)        000000
__smallconst                    smallconst   001000
_blink                          bssCOMRAM    00000B
_button                         text26       001C46
_buttonInitialize               text18       002198
_changeModePressed              bssCOMRAM    000019
_count                          bssCOMRAM    000009
_count10ms                      bssCOMRAM    000015
_countAuto                      bssCOMRAM    00001B
_countPressed                   bssCOMRAM    00001D
_deviceInterrupt                intcode      000008
_displayClock                   text13       001AB4
_displayModHour                 text12       0017B8
_displayModMinute               text11       001690
_displayModSecond               text10       001568
_displayStpWatch                text9        0019E6
_firstReadRA5                   dataCOMRAM   000039
_firstReadRB0                   dataCOMRAM   000037
_hr                             bssCOMRAM    00000D
_increaseTime                   bssCOMRAM    000017
_ledInitialize                  text8        00218E
_main                           text0        001044
_miliSecSTW                     bssCOMRAM    000001
_min                            bssCOMRAM    00000F
_minSTW                         bssCOMRAM    000005
_modifyHour                     text7        001438
_modifyMinute                   text6        001308
_modifySecond                   text5        0011D8
_norClock                       text4        001DB8
_oscillationInitialize          text3        002184
_readRA5Button                  text28       00203A
_readRB0Button                  text27       001FF2
_run                            bssCOMRAM    000007
_sec                            bssCOMRAM    000011
_secSTW                         bssCOMRAM    000003
_secondReadRA5                  dataCOMRAM   000038
_secondReadRB0                  dataCOMRAM   000036
_stModify                       bssCOMRAM    00001F
_state                          bssCOMRAM    000020
_stopWatch                      text2        0018E0
_timerFlag                      bssCOMRAM    000013
_timerInitialize                text1        002174
btemp                           temp         00003A
button@checkRA5                 cstackCOMRAM 000025
button@checkRB0                 cstackCOMRAM 000027
end_of_initialization           cinit        002124
int$flags                       temp         00003A
int_func                        intcode_body 0020C0
intlevel0                       text         000000
intlevel1                       text         000000
intlevel2                       text         000000
intlevel3                       text         000000
readRA5Button@check             cstackCOMRAM 000023
readRB0Button@check             cstackCOMRAM 000023
stackhi                         (abs)        000F5F
stacklo                         (abs)        000060
start                           init         00000E
start_initialization            cinit        0020F8
ttemp5                          temp         00003B
ttemp6                          temp         00003E
ttemp7                          temp         000042
wtemp8                          temp         00003B


FUNCTION INFORMATION:

 *************** function _main *****************
 Defined at:
		line 15 in file "main.c"
 Parameters:    Size  Location     Type
		None
 Auto vars:     Size  Location     Type
		None
 Return value:  Size  Location     Type
                  1    wreg      void 
 Registers used:
		wreg, status,2, status,0, tblptrl, tblptrh, tblptru, cstack
 Tracked objects:
		On entry : 
		On exit  : 
		Unchanged: 
 Data sizes:     COMRAM   BANK0   BANK1   BANK2   BANK3   BANK4   BANK5   BANK6   BANK7   BANK8   BANK9  BANK10  BANK11  BANK12  BANK13  BANK14  BANK15
      Params:         0       0       0       0       0       0       0       0       0       0       0       0       0       0       0       0       0
      Locals:         0       0       0       0       0       0       0       0       0       0       0       0       0       0       0       0       0
      Temps:          2       0       0       0       0       0       0       0       0       0       0       0       0       0       0       0       0
      Totals:         2       0       0       0       0       0       0       0       0       0       0       0       0       0       0       0       0
Total ram usage:        2 bytes
 Hardware stack levels required when called:    8
 This function calls:
		_LCDInit
		_buttonInitialize
		_displayClock
		_displayModHour
		_displayModMinute
		_displayModSecond
		_displayStpWatch
		_ledInitialize
		_modifyHour
		_modifyMinute
		_modifySecond
		_norClock
		_oscillationInitialize
		_stopWatch
		_timerInitialize
 This function is called by:
		Startup code after reset
 This function uses a non-reentrant model


 *************** function _timerInitialize *****************
 Defined at:
		line 9 in file "system.c"
 Parameters:    Size  Location     Type
		None
 Auto vars:     Size  Location     Type
		None
 Return value:  Size  Location     Type
                  1    wreg      void 
 Registers used:
		wreg, status,2
 Tracked objects:
		On entry : 
		On exit  : 
		Unchanged: 
 Data sizes:     COMRAM   BANK0   BANK1   BANK2   BANK3   BANK4   BANK5   BANK6   BANK7   BANK8   BANK9  BANK10  BANK11  BANK12  BANK13  BANK14  BANK15
      Params:         0       0       0       0       0       0       0       0       0       0       0       0       0       0       0       0       0
      Locals:         0       0       0       0       0       0       0       0       0       0       0       0       0       0       0       0       0
      Temps:          0       0       0       0       0       0       0       0       0       0       0       0       0       0       0       0       0
      Totals:         0       0       0       0       0       0       0       0       0       0       0       0       0       0       0       0       0
Total ram usage:        0 bytes
 Hardware stack levels used:    1
 Hardware stack levels required when called:    3
 This function calls:
		Nothing
 This function is called by:
		_main
 This function uses a non-reentrant model


 *************** function _stopWatch *****************
 Defined at:
		line 3 in file "stateStpWatch.c"
 Parameters:    Size  Location     Type
		None
 Auto vars:     Size  Location     Type
		None
 Return value:  Size  Location     Type
                  1    wreg      void 
 Registers used:
		wreg, status,2, status,0
 Tracked objects:
		On entry : 
		On exit  : 
		Unchanged: 
 Data sizes:     COMRAM   BANK0   BANK1   BANK2   BANK3   BANK4   BANK5   BANK6   BANK7   BANK8   BANK9  BANK10  BANK11  BANK12  BANK13  BANK14  BANK15
      Params:         0       0       0       0       0       0       0       0       0       0       0       0       0       0       0       0       0
      Locals:         0       0       0       0       0       0       0       0       0       0       0       0       0       0       0       0       0
      Temps:          2       0       0       0       0       0       0       0       0       0       0       0       0       0       0       0       0
      Totals:         2       0       0       0       0       0       0       0       0       0       0       0       0       0       0       0       0
Total ram usage:        2 bytes
 Hardware stack levels used:    1
 Hardware stack levels required when called:    3
 This function calls:
		Nothing
 This function is called by:
		_main
 This function uses a non-reentrant model


 *************** function _oscillationInitialize *****************
 Defined at:
		line 3 in file "system.c"
 Parameters:    Size  Location     Type
		None
 Auto vars:     Size  Location     Type
		None
 Return value:  Size  Location     Type
                  1    wreg      void 
 Registers used:
		wreg, status,2
 Tracked objects:
		On entry : 
		On exit  : 
		Unchanged: 
 Data sizes:     COMRAM   BANK0   BANK1   BANK2   BANK3   BANK4   BANK5   BANK6   BANK7   BANK8   BANK9  BANK10  BANK11  BANK12  BANK13  BANK14  BANK15
      Params:         0       0       0       0       0       0       0       0       0       0       0       0       0       0       0       0       0
      Locals:         0       0       0       0       0       0       0       0       0       0       0       0       0       0       0       0       0
      Temps:          0       0       0       0       0       0       0       0       0       0       0       0       0       0       0       0       0
      Totals:         0       0       0       0       0       0       0       0       0       0       0       0       0       0       0       0       0
Total ram usage:        0 bytes
 Hardware stack levels used:    1
 Hardware stack levels required when called:    3
 This function calls:
		Nothing
 This function is called by:
		_main
 This function uses a non-reentrant model


 *************** function _norClock *****************
 Defined at:
		line 3 in file "stateClock.c"
 Parameters:    Size  Location     Type
		None
 Auto vars:     Size  Location     Type
		None
 Return value:  Size  Location     Type
                  1    wreg      void 
 Registers used:
		wreg, status,2, status,0
 Tracked objects:
		On entry : 
		On exit  : 
		Unchanged: 
 Data sizes:     COMRAM   BANK0   BANK1   BANK2   BANK3   BANK4   BANK5   BANK6   BANK7   BANK8   BANK9  BANK10  BANK11  BANK12  BANK13  BANK14  BANK15
      Params:         0       0       0       0       0       0       0       0       0       0       0       0       0       0       0       0       0
      Locals:         0       0       0       0       0       0       0       0       0       0       0       0       0       0       0       0       0
      Temps:          0       0       0       0       0       0       0       0       0       0       0       0       0       0       0       0       0
      Totals:         0       0       0       0       0       0       0       0       0       0       0       0       0       0       0       0       0
Total ram usage:        0 bytes
 Hardware stack levels used:    1
 Hardware stack levels required when called:    3
 This function calls:
		Nothing
 This function is called by:
		_main
 This function uses a non-reentrant model


 *************** function _modifySecond *****************
 Defined at:
		line 68 in file "statesModify.c"
 Parameters:    Size  Location     Type
		None
 Auto vars:     Size  Location     Type
		None
 Return value:  Size  Location     Type
                  1    wreg      void 
 Registers used:
		wreg, status,2, status,0
 Tracked objects:
		On entry : 
		On exit  : 
		Unchanged: 
 Data sizes:     COMRAM   BANK0   BANK1   BANK2   BANK3   BANK4   BANK5   BANK6   BANK7   BANK8   BANK9  BANK10  BANK11  BANK12  BANK13  BANK14  BANK15
      Params:         0       0       0       0       0       0       0       0       0       0       0       0       0       0       0       0       0
      Locals:         0       0       0       0       0       0       0       0       0       0       0       0       0       0       0       0       0
      Temps:          2       0       0       0       0       0       0       0       0       0       0       0       0       0       0       0       0
      Totals:         2       0       0       0       0       0       0       0       0       0       0       0       0       0       0       0       0
Total ram usage:        2 bytes
 Hardware stack levels used:    1
 Hardware stack levels required when called:    3
 This function calls:
		Nothing
 This function is called by:
		_main
 This function uses a non-reentrant model


 *************** function _modifyMinute *****************
 Defined at:
		line 36 in file "statesModify.c"
 Parameters:    Size  Location     Type
		None
 Auto vars:     Size  Location     Type
		None
 Return value:  Size  Location     Type
                  1    wreg      void 
 Registers used:
		wreg, status,2, status,0
 Tracked objects:
		On entry : 
		On exit  : 
		Unchanged: 
 Data sizes:     COMRAM   BANK0   BANK1   BANK2   BANK3   BANK4   BANK5   BANK6   BANK7   BANK8   BANK9  BANK10  BANK11  BANK12  BANK13  BANK14  BANK15
      Params:         0       0       0       0       0       0       0       0       0       0       0       0       0       0       0       0       0
      Locals:         0       0       0       0       0       0       0       0       0       0       0       0       0       0       0       0       0
      Temps:          2       0       0       0       0       0       0       0       0       0       0       0       0       0       0       0       0
      Totals:         2       0       0       0       0       0       0       0       0       0       0       0       0       0       0       0       0
Total ram usage:        2 bytes
 Hardware stack levels used:    1
 Hardware stack levels required when called:    3
 This function calls:
		Nothing
 This function is called by:
		_main
 This function uses a non-reentrant model


 *************** function _modifyHour *****************
 Defined at:
		line 4 in file "statesModify.c"
 Parameters:    Size  Location     Type
		None
 Auto vars:     Size  Location     Type
		None
 Return value:  Size  Location     Type
                  1    wreg      void 
 Registers used:
		wreg, status,2, status,0
 Tracked objects:
		On entry : 
		On exit  : 
		Unchanged: 
 Data sizes:     COMRAM   BANK0   BANK1   BANK2   BANK3   BANK4   BANK5   BANK6   BANK7   BANK8   BANK9  BANK10  BANK11  BANK12  BANK13  BANK14  BANK15
      Params:         0       0       0       0       0       0       0       0       0       0       0       0       0       0       0       0       0
      Locals:         0       0       0       0       0       0       0       0       0       0       0       0       0       0       0       0       0
      Temps:          2       0       0       0       0       0       0       0       0       0       0       0       0       0       0       0       0
      Totals:         2       0       0       0       0       0       0       0       0       0       0       0       0       0       0       0       0
Total ram usage:        2 bytes
 Hardware stack levels used:    1
 Hardware stack levels required when called:    3
 This function calls:
		Nothing
 This function is called by:
		_main
 This function uses a non-reentrant model


 *************** function _ledInitialize *****************
 Defined at:
		line 28 in file "system.c"
 Parameters:    Size  Location     Type
		None
 Auto vars:     Size  Location     Type
		None
 Return value:  Size  Location     Type
                  1    wreg      void 
 Registers used:
		wreg, status,2
 Tracked objects:
		On entry : 
		On exit  : 
		Unchanged: 
 Data sizes:     COMRAM   BANK0   BANK1   BANK2   BANK3   BANK4   BANK5   BANK6   BANK7   BANK8   BANK9  BANK10  BANK11  BANK12  BANK13  BANK14  BANK15
      Params:         0       0       0       0       0       0       0       0       0       0       0       0       0       0       0       0       0
      Locals:         0       0       0       0       0       0       0       0       0       0       0       0       0       0       0       0       0
      Temps:          0       0       0       0       0       0       0       0       0       0       0       0       0       0       0       0       0
      Totals:         0       0       0       0       0       0       0       0       0       0       0       0       0       0       0       0       0
Total ram usage:        0 bytes
 Hardware stack levels used:    1
 Hardware stack levels required when called:    3
 This function calls:
		Nothing
 This function is called by:
		_main
 This function uses a non-reentrant model


 *************** function _displayStpWatch *****************
 Defined at:
		line 32 in file "stateStpWatch.c"
 Parameters:    Size  Location     Type
		None
 Auto vars:     Size  Location     Type
		None
 Return value:  Size  Location     Type
                  1    wreg      void 
 Registers used:
		wreg, status,2, status,0, tblptrl, tblptrh, tblptru, cstack
 Tracked objects:
		On entry : 
		On exit  : 
		Unchanged: 
 Data sizes:     COMRAM   BANK0   BANK1   BANK2   BANK3   BANK4   BANK5   BANK6   BANK7   BANK8   BANK9  BANK10  BANK11  BANK12  BANK13  BANK14  BANK15
      Params:         0       0       0       0       0       0       0       0       0       0       0       0       0       0       0       0       0
      Locals:         0       0       0       0       0       0       0       0       0       0       0       0       0       0       0       0       0
      Temps:          0       0       0       0       0       0       0       0       0       0       0       0       0       0       0       0       0
      Totals:         0       0       0       0       0       0       0       0       0       0       0       0       0       0       0       0       0
Total ram usage:        0 bytes
 Hardware stack levels used:    1
 Hardware stack levels required when called:    7
 This function calls:
		_LCDPutChar
		_LCDPutInst
		_LCDPutStr
		___awdiv
		___awmod
 This function is called by:
		_main
 This function uses a non-reentrant model


 *************** function _displayModSecond *****************
 Defined at:
		line 146 in file "statesModify.c"
 Parameters:    Size  Location     Type
		None
 Auto vars:     Size  Location     Type
		None
 Return value:  Size  Location     Type
                  1    wreg      void 
 Registers used:
		wreg, status,2, status,0, tblptrl, tblptrh, tblptru, cstack
 Tracked objects:
		On entry : 
		On exit  : 
		Unchanged: 
 Data sizes:     COMRAM   BANK0   BANK1   BANK2   BANK3   BANK4   BANK5   BANK6   BANK7   BANK8   BANK9  BANK10  BANK11  BANK12  BANK13  BANK14  BANK15
      Params:         0       0       0       0       0       0       0       0       0       0       0       0       0       0       0       0       0
      Locals:         0       0       0       0       0       0       0       0       0       0       0       0       0       0       0       0       0
      Temps:          2       0       0       0       0       0       0       0       0       0       0       0       0       0       0       0       0
      Totals:         2       0       0       0       0       0       0       0       0       0       0       0       0       0       0       0       0
Total ram usage:        2 bytes
 Hardware stack levels used:    1
 Hardware stack levels required when called:    7
 This function calls:
		_LCDPutChar
		_LCDPutInst
		_LCDPutStr
		___awdiv
		___awmod
 This function is called by:
		_main
 This function uses a non-reentrant model


 *************** function _displayModMinute *****************
 Defined at:
		line 123 in file "statesModify.c"
 Parameters:    Size  Location     Type
		None
 Auto vars:     Size  Location     Type
		None
 Return value:  Size  Location     Type
                  1    wreg      void 
 Registers used:
		wreg, status,2, status,0, tblptrl, tblptrh, tblptru, cstack
 Tracked objects:
		On entry : 
		On exit  : 
		Unchanged: 
 Data sizes:     COMRAM   BANK0   BANK1   BANK2   BANK3   BANK4   BANK5   BANK6   BANK7   BANK8   BANK9  BANK10  BANK11  BANK12  BANK13  BANK14  BANK15
      Params:         0       0       0       0       0       0       0       0       0       0       0       0       0       0       0       0       0
      Locals:         0       0       0       0       0       0       0       0       0       0       0       0       0       0       0       0       0
      Temps:          2       0       0       0       0       0       0       0       0       0       0       0       0       0       0       0       0
      Totals:         2       0       0       0       0       0       0       0       0       0       0       0       0       0       0       0       0
Total ram usage:        2 bytes
 Hardware stack levels used:    1
 Hardware stack levels required when called:    7
 This function calls:
		_LCDPutChar
		_LCDPutInst
		_LCDPutStr
		___awdiv
		___awmod
 This function is called by:
		_main
 This function uses a non-reentrant model


 *************** function _displayModHour *****************
 Defined at:
		line 100 in file "statesModify.c"
 Parameters:    Size  Location     Type
		None
 Auto vars:     Size  Location     Type
		None
 Return value:  Size  Location     Type
                  1    wreg      void 
 Registers used:
		wreg, status,2, status,0, tblptrl, tblptrh, tblptru, cstack
 Tracked objects:
		On entry : 
		On exit  : 
		Unchanged: 
 Data sizes:     COMRAM   BANK0   BANK1   BANK2   BANK3   BANK4   BANK5   BANK6   BANK7   BANK8   BANK9  BANK10  BANK11  BANK12  BANK13  BANK14  BANK15
      Params:         0       0       0       0       0       0       0       0       0       0       0       0       0       0       0       0       0
      Locals:         0       0       0       0       0       0       0       0       0       0       0       0       0       0       0       0       0
      Temps:          2       0       0       0       0       0       0       0       0       0       0       0       0       0       0       0       0
      Totals:         2       0       0       0       0       0       0       0       0       0       0       0       0       0       0       0       0
Total ram usage:        2 bytes
 Hardware stack levels used:    1
 Hardware stack levels required when called:    7
 This function calls:
		_LCDPutChar
		_LCDPutInst
		_LCDPutStr
		___awdiv
		___awmod
 This function is called by:
		_main
 This function uses a non-reentrant model


 *************** function _displayClock *****************
 Defined at:
		line 23 in file "stateClock.c"
 Parameters:    Size  Location     Type
		None
 Auto vars:     Size  Location     Type
		None
 Return value:  Size  Location     Type
                  1    wreg      void 
 Registers used:
		wreg, status,2, status,0, tblptrl, tblptrh, tblptru, cstack
 Tracked objects:
		On entry : 
		On exit  : 
		Unchanged: 
 Data sizes:     COMRAM   BANK0   BANK1   BANK2   BANK3   BANK4   BANK5   BANK6   BANK7   BANK8   BANK9  BANK10  BANK11  BANK12  BANK13  BANK14  BANK15
      Params:         0       0       0       0       0       0       0       0       0       0       0       0       0       0       0       0       0
      Locals:         0       0       0       0       0       0       0       0       0       0       0       0       0       0       0       0       0
      Temps:          0       0       0       0       0       0       0       0       0       0       0       0       0       0       0       0       0
      Totals:         0       0       0       0       0       0       0       0       0       0       0       0       0       0       0       0       0
Total ram usage:        0 bytes
 Hardware stack levels used:    1
 Hardware stack levels required when called:    7
 This function calls:
		_LCDPutChar
		_LCDPutInst
		_LCDPutStr
		___awdiv
		___awmod
 This function is called by:
		_main
 This function uses a non-reentrant model


 *************** function ___awmod *****************
 Defined at:
		line 7 in file "/Applications/microchip/xc8/v2.10/pic/sources/c99/common/awmod.c"
 Parameters:    Size  Location     Type
  dividend        2    8[COMRAM] int 
  divisor         2   10[COMRAM] int 
 Auto vars:     Size  Location     Type
  sign            1   13[COMRAM] unsigned char 
  counter         1   12[COMRAM] unsigned char 
 Return value:  Size  Location     Type
                  2    8[COMRAM] int 
 Registers used:
		wreg, status,2, status,0
 Tracked objects:
		On entry : 
		On exit  : 
		Unchanged: 
 Data sizes:     COMRAM   BANK0   BANK1   BANK2   BANK3   BANK4   BANK5   BANK6   BANK7   BANK8   BANK9  BANK10  BANK11  BANK12  BANK13  BANK14  BANK15
      Params:         4       0       0       0       0       0       0       0       0       0       0       0       0       0       0       0       0
      Locals:         2       0       0       0       0       0       0       0       0       0       0       0       0       0       0       0       0
      Temps:          0       0       0       0       0       0       0       0       0       0       0       0       0       0       0       0       0
      Totals:         6       0       0       0       0       0       0       0       0       0       0       0       0       0       0       0       0
Total ram usage:        6 bytes
 Hardware stack levels used:    1
 Hardware stack levels required when called:    3
 This function calls:
		Nothing
 This function is called by:
		_displayClock
		_displayModHour
		_displayModMinute
		_displayModSecond
		_displayStpWatch
 This function uses a non-reentrant model


 *************** function ___awdiv *****************
 Defined at:
		line 7 in file "/Applications/microchip/xc8/v2.10/pic/sources/c99/common/awdiv.c"
 Parameters:    Size  Location     Type
  dividend        2    8[COMRAM] int 
  divisor         2   10[COMRAM] int 
 Auto vars:     Size  Location     Type
  quotient        2   14[COMRAM] int 
  sign            1   13[COMRAM] unsigned char 
  counter         1   12[COMRAM] unsigned char 
 Return value:  Size  Location     Type
                  2    8[COMRAM] int 
 Registers used:
		wreg, status,2, status,0
 Tracked objects:
		On entry : 
		On exit  : 
		Unchanged: 
 Data sizes:     COMRAM   BANK0   BANK1   BANK2   BANK3   BANK4   BANK5   BANK6   BANK7   BANK8   BANK9  BANK10  BANK11  BANK12  BANK13  BANK14  BANK15
      Params:         4       0       0       0       0       0       0       0       0       0       0       0       0       0       0       0       0
      Locals:         4       0       0       0       0       0       0       0       0       0       0       0       0       0       0       0       0
      Temps:          0       0       0       0       0       0       0       0       0       0       0       0       0       0       0       0       0
      Totals:         8       0       0       0       0       0       0       0       0       0       0       0       0       0       0       0       0
Total ram usage:        8 bytes
 Hardware stack levels used:    1
 Hardware stack levels required when called:    3
 This function calls:
		Nothing
 This function is called by:
		_displayClock
		_displayModHour
		_displayModMinute
		_displayModSecond
		_displayStpWatch
 This function uses a non-reentrant model


 *************** function _LCDPutStr *****************
 Defined at:
		line 198 in file "BBSPI_LCD.c"
 Parameters:    Size  Location     Type
  ptr             2   15[COMRAM] PTR const unsigned char 
		 -> STR_5(17), STR_4(16), STR_3(16), STR_2(16), 
		 -> STR_1(17), 
 Auto vars:     Size  Location     Type
		None
 Return value:  Size  Location     Type
                  1    wreg      void 
 Registers used:
		wreg, status,2, status,0, tblptrl, tblptrh, tblptru, cstack
 Tracked objects:
		On entry : 
		On exit  : 
		Unchanged: 
 Data sizes:     COMRAM   BANK0   BANK1   BANK2   BANK3   BANK4   BANK5   BANK6   BANK7   BANK8   BANK9  BANK10  BANK11  BANK12  BANK13  BANK14  BANK15
      Params:         2       0       0       0       0       0       0       0       0       0       0       0       0       0       0       0       0
      Locals:         0       0       0       0       0       0       0       0       0       0       0       0       0       0       0       0       0
      Temps:          0       0       0       0       0       0       0       0       0       0       0       0       0       0       0       0       0
      Totals:         2       0       0       0       0       0       0       0       0       0       0       0       0       0       0       0       0
Total ram usage:        2 bytes
 Hardware stack levels used:    1
 Hardware stack levels required when called:    6
 This function calls:
		_LCDPutChar
 This function is called by:
		_displayClock
		_displayModHour
		_displayModMinute
		_displayModSecond
		_displayStpWatch
 This function uses a non-reentrant model


 *************** function _LCDPutChar *****************
 Defined at:
		line 160 in file "BBSPI_LCD.c"
 Parameters:    Size  Location     Type
  ch              1    wreg     unsigned char 
 Auto vars:     Size  Location     Type
  ch              1   14[COMRAM] unsigned char 
 Return value:  Size  Location     Type
                  1    wreg      void 
 Registers used:
		wreg, status,2, status,0, cstack
 Tracked objects:
		On entry : 
		On exit  : 
		Unchanged: 
 Data sizes:     COMRAM   BANK0   BANK1   BANK2   BANK3   BANK4   BANK5   BANK6   BANK7   BANK8   BANK9  BANK10  BANK11  BANK12  BANK13  BANK14  BANK15
      Params:         0       0       0       0       0       0       0       0       0       0       0       0       0       0       0       0       0
      Locals:         1       0       0       0       0       0       0       0       0       0       0       0       0       0       0       0       0
      Temps:          1       0       0       0       0       0       0       0       0       0       0       0       0       0       0       0       0
      Totals:         2       0       0       0       0       0       0       0       0       0       0       0       0       0       0       0       0
Total ram usage:        2 bytes
 Hardware stack levels used:    1
 Hardware stack levels required when called:    5
 This function calls:
		_WritePort_BBSPI
 This function is called by:
		_LCDPutStr
		_displayClock
		_displayModHour
		_displayModMinute
		_displayModSecond
		_displayStpWatch
 This function uses a non-reentrant model


 *************** function _buttonInitialize *****************
 Defined at:
		line 22 in file "system.c"
 Parameters:    Size  Location     Type
		None
 Auto vars:     Size  Location     Type
		None
 Return value:  Size  Location     Type
                  1    wreg      void 
 Registers used:
		wreg, status,2
 Tracked objects:
		On entry : 
		On exit  : 
		Unchanged: 
 Data sizes:     COMRAM   BANK0   BANK1   BANK2   BANK3   BANK4   BANK5   BANK6   BANK7   BANK8   BANK9  BANK10  BANK11  BANK12  BANK13  BANK14  BANK15
      Params:         0       0       0       0       0       0       0       0       0       0       0       0       0       0       0       0       0
      Locals:         0       0       0       0       0       0       0       0       0       0       0       0       0       0       0       0       0
      Temps:          0       0       0       0       0       0       0       0       0       0       0       0       0       0       0       0       0
      Totals:         0       0       0       0       0       0       0       0       0       0       0       0       0       0       0       0       0
Total ram usage:        0 bytes
 Hardware stack levels used:    1
 Hardware stack levels required when called:    3
 This function calls:
		Nothing
 This function is called by:
		_main
 This function uses a non-reentrant model


 *************** function _LCDInit *****************
 Defined at:
		line 45 in file "BBSPI_LCD.c"
 Parameters:    Size  Location     Type
		None
 Auto vars:     Size  Location     Type
		None
 Return value:  Size  Location     Type
                  1    wreg      void 
 Registers used:
		wreg, status,2, status,0, cstack
 Tracked objects:
		On entry : 
		On exit  : 
		Unchanged: 
 Data sizes:     COMRAM   BANK0   BANK1   BANK2   BANK3   BANK4   BANK5   BANK6   BANK7   BANK8   BANK9  BANK10  BANK11  BANK12  BANK13  BANK14  BANK15
      Params:         0       0       0       0       0       0       0       0       0       0       0       0       0       0       0       0       0
      Locals:         0       0       0       0       0       0       0       0       0       0       0       0       0       0       0       0       0
      Temps:          1       0       0       0       0       0       0       0       0       0       0       0       0       0       0       0       0
      Totals:         1       0       0       0       0       0       0       0       0       0       0       0       0       0       0       0       0
Total ram usage:        1 bytes
 Hardware stack levels used:    1
 Hardware stack levels required when called:    6
 This function calls:
		_InitBBSPI
		_LCDPutInst
		_Port_BBSPIInit
		_WritePort_BBSPI
 This function is called by:
		_main
 This function uses a non-reentrant model


 *************** function _Port_BBSPIInit *****************
 Defined at:
		line 123 in file "BBSPI_LCD.c"
 Parameters:    Size  Location     Type
  port_dir        1    wreg     unsigned char 
 Auto vars:     Size  Location     Type
  port_dir        1   11[COMRAM] unsigned char 
 Return value:  Size  Location     Type
                  1    wreg      void 
 Registers used:
		wreg, status,2, status,0, cstack
 Tracked objects:
		On entry : 
		On exit  : 
		Unchanged: 
 Data sizes:     COMRAM   BANK0   BANK1   BANK2   BANK3   BANK4   BANK5   BANK6   BANK7   BANK8   BANK9  BANK10  BANK11  BANK12  BANK13  BANK14  BANK15
      Params:         0       0       0       0       0       0       0       0       0       0       0       0       0       0       0       0       0
      Locals:         1       0       0       0       0       0       0       0       0       0       0       0       0       0       0       0       0
      Temps:          0       0       0       0       0       0       0       0       0       0       0       0       0       0       0       0       0
      Totals:         1       0       0       0       0       0       0       0       0       0       0       0       0       0       0       0       0
Total ram usage:        1 bytes
 Hardware stack levels used:    1
 Hardware stack levels required when called:    4
 This function calls:
		_SendByteBBSPI
 This function is called by:
		_LCDInit
 This function uses a non-reentrant model


 *************** function _LCDPutInst *****************
 Defined at:
		line 179 in file "BBSPI_LCD.c"
 Parameters:    Size  Location     Type
  ch              1    wreg     unsigned char 
 Auto vars:     Size  Location     Type
  ch              1   14[COMRAM] unsigned char 
 Return value:  Size  Location     Type
                  1    wreg      void 
 Registers used:
		wreg, status,2, status,0, cstack
 Tracked objects:
		On entry : 
		On exit  : 
		Unchanged: 
 Data sizes:     COMRAM   BANK0   BANK1   BANK2   BANK3   BANK4   BANK5   BANK6   BANK7   BANK8   BANK9  BANK10  BANK11  BANK12  BANK13  BANK14  BANK15
      Params:         0       0       0       0       0       0       0       0       0       0       0       0       0       0       0       0       0
      Locals:         1       0       0       0       0       0       0       0       0       0       0       0       0       0       0       0       0
      Temps:          1       0       0       0       0       0       0       0       0       0       0       0       0       0       0       0       0
      Totals:         2       0       0       0       0       0       0       0       0       0       0       0       0       0       0       0       0
Total ram usage:        2 bytes
 Hardware stack levels used:    1
 Hardware stack levels required when called:    5
 This function calls:
		_WritePort_BBSPI
 This function is called by:
		_LCDInit
		_displayClock
		_displayModHour
		_displayModMinute
		_displayModSecond
		_displayStpWatch
 This function uses a non-reentrant model


 *************** function _WritePort_BBSPI *****************
 Defined at:
		line 144 in file "BBSPI_LCD.c"
 Parameters:    Size  Location     Type
  port_add        1    wreg     unsigned char 
  a               1   11[COMRAM] unsigned char 
 Auto vars:     Size  Location     Type
  port_add        1   12[COMRAM] unsigned char 
 Return value:  Size  Location     Type
                  1    wreg      void 
 Registers used:
		wreg, status,2, status,0, cstack
 Tracked objects:
		On entry : 
		On exit  : 
		Unchanged: 
 Data sizes:     COMRAM   BANK0   BANK1   BANK2   BANK3   BANK4   BANK5   BANK6   BANK7   BANK8   BANK9  BANK10  BANK11  BANK12  BANK13  BANK14  BANK15
      Params:         1       0       0       0       0       0       0       0       0       0       0       0       0       0       0       0       0
      Locals:         1       0       0       0       0       0       0       0       0       0       0       0       0       0       0       0       0
      Temps:          0       0       0       0       0       0       0       0       0       0       0       0       0       0       0       0       0
      Totals:         2       0       0       0       0       0       0       0       0       0       0       0       0       0       0       0       0
Total ram usage:        2 bytes
 Hardware stack levels used:    1
 Hardware stack levels required when called:    4
 This function calls:
		_SendByteBBSPI
 This function is called by:
		_LCDInit
		_LCDPutChar
		_LCDPutInst
 This function uses a non-reentrant model


 *************** function _SendByteBBSPI *****************
 Defined at:
		line 91 in file "BBSPI_LCD.c"
 Parameters:    Size  Location     Type
  output          1    wreg     unsigned char 
 Auto vars:     Size  Location     Type
  output          1    8[COMRAM] unsigned char 
  input           1   10[COMRAM] unsigned char 
  bitcount        1    9[COMRAM] unsigned char 
 Return value:  Size  Location     Type
                  1    wreg      void 
 Registers used:
		wreg, status,2, status,0
 Tracked objects:
		On entry : 
		On exit  : 
		Unchanged: 
 Data sizes:     COMRAM   BANK0   BANK1   BANK2   BANK3   BANK4   BANK5   BANK6   BANK7   BANK8   BANK9  BANK10  BANK11  BANK12  BANK13  BANK14  BANK15
      Params:         0       0       0       0       0       0       0       0       0       0       0       0       0       0       0       0       0
      Locals:         3       0       0       0       0       0       0       0       0       0       0       0       0       0       0       0       0
      Temps:          0       0       0       0       0       0       0       0       0       0       0       0       0       0       0       0       0
      Totals:         3       0       0       0       0       0       0       0       0       0       0       0       0       0       0       0       0
Total ram usage:        3 bytes
 Hardware stack levels used:    1
 Hardware stack levels required when called:    3
 This function calls:
		Nothing
 This function is called by:
		_Port_BBSPIInit
		_WritePort_BBSPI
 This function uses a non-reentrant model


 *************** function _InitBBSPI *****************
 Defined at:
		line 70 in file "BBSPI_LCD.c"
 Parameters:    Size  Location     Type
		None
 Auto vars:     Size  Location     Type
		None
 Return value:  Size  Location     Type
                  1    wreg      void 
 Registers used:
		None
 Tracked objects:
		On entry : 
		On exit  : 
		Unchanged: 
 Data sizes:     COMRAM   BANK0   BANK1   BANK2   BANK3   BANK4   BANK5   BANK6   BANK7   BANK8   BANK9  BANK10  BANK11  BANK12  BANK13  BANK14  BANK15
      Params:         0       0       0       0       0       0       0       0       0       0       0       0       0       0       0       0       0
      Locals:         0       0       0       0       0       0       0       0       0       0       0       0       0       0       0       0       0
      Temps:          0       0       0       0       0       0       0       0       0       0       0       0       0       0       0       0       0
      Totals:         0       0       0       0       0       0       0       0       0       0       0       0       0       0       0       0       0
Total ram usage:        0 bytes
 Hardware stack levels used:    1
 Hardware stack levels required when called:    3
 This function calls:
		Nothing
 This function is called by:
		_LCDInit
 This function uses a non-reentrant model


 *************** function _deviceInterrupt *****************
 Defined at:
		line 3 in file "interrupt.c"
 Parameters:    Size  Location     Type
		None
 Auto vars:     Size  Location     Type
		None
 Return value:  Size  Location     Type
                  1    wreg      void 
 Registers used:
		wreg, status,2, status,0, cstack
 Tracked objects:
		On entry : 
		On exit  : 
		Unchanged: 
 Data sizes:     COMRAM   BANK0   BANK1   BANK2   BANK3   BANK4   BANK5   BANK6   BANK7   BANK8   BANK9  BANK10  BANK11  BANK12  BANK13  BANK14  BANK15
      Params:         0       0       0       0       0       0       0       0       0       0       0       0       0       0       0       0       0
      Locals:         0       0       0       0       0       0       0       0       0       0       0       0       0       0       0       0       0
      Temps:          0       0       0       0       0       0       0       0       0       0       0       0       0       0       0       0       0
      Totals:         0       0       0       0       0       0       0       0       0       0       0       0       0       0       0       0       0
Total ram usage:        0 bytes
 Hardware stack levels used:    1
 Hardware stack levels required when called:    2
 This function calls:
		_button
 This function is called by:
		Interrupt level 2
 This function uses a non-reentrant model


 *************** function _button *****************
 Defined at:
		line 27 in file "button.c"
 Parameters:    Size  Location     Type
		None
 Auto vars:     Size  Location     Type
  checkRB0        2    6[COMRAM] int 
  checkRA5        2    4[COMRAM] int 
 Return value:  Size  Location     Type
                  1    wreg      void 
 Registers used:
		wreg, status,2, status,0, cstack
 Tracked objects:
		On entry : 
		On exit  : 
		Unchanged: 
 Data sizes:     COMRAM   BANK0   BANK1   BANK2   BANK3   BANK4   BANK5   BANK6   BANK7   BANK8   BANK9  BANK10  BANK11  BANK12  BANK13  BANK14  BANK15
      Params:         0       0       0       0       0       0       0       0       0       0       0       0       0       0       0       0       0
      Locals:         4       0       0       0       0       0       0       0       0       0       0       0       0       0       0       0       0
      Temps:          0       0       0       0       0       0       0       0       0       0       0       0       0       0       0       0       0
      Totals:         4       0       0       0       0       0       0       0       0       0       0       0       0       0       0       0       0
Total ram usage:        4 bytes
 Hardware stack levels used:    1
 Hardware stack levels required when called:    1
 This function calls:
		_readRA5Button
		_readRB0Button
 This function is called by:
		_deviceInterrupt
 This function uses a non-reentrant model


 *************** function _readRB0Button *****************
 Defined at:
		line 15 in file "button.c"
 Parameters:    Size  Location     Type
		None
 Auto vars:     Size  Location     Type
  check           2    2[COMRAM] int 
 Return value:  Size  Location     Type
                  2    0[COMRAM] int 
 Registers used:
		wreg, status,2, status,0
 Tracked objects:
		On entry : 
		On exit  : 
		Unchanged: 
 Data sizes:     COMRAM   BANK0   BANK1   BANK2   BANK3   BANK4   BANK5   BANK6   BANK7   BANK8   BANK9  BANK10  BANK11  BANK12  BANK13  BANK14  BANK15
      Params:         2       0       0       0       0       0       0       0       0       0       0       0       0       0       0       0       0
      Locals:         2       0       0       0       0       0       0       0       0       0       0       0       0       0       0       0       0
      Temps:          0       0       0       0       0       0       0       0       0       0       0       0       0       0       0       0       0
      Totals:         4       0       0       0       0       0       0       0       0       0       0       0       0       0       0       0       0
Total ram usage:        4 bytes
 Hardware stack levels used:    1
 This function calls:
		Nothing
 This function is called by:
		_button
 This function uses a non-reentrant model


 *************** function _readRA5Button *****************
 Defined at:
		line 3 in file "button.c"
 Parameters:    Size  Location     Type
		None
 Auto vars:     Size  Location     Type
  check           2    2[COMRAM] int 
 Return value:  Size  Location     Type
                  2    0[COMRAM] int 
 Registers used:
		wreg, status,2, status,0
 Tracked objects:
		On entry : 
		On exit  : 
		Unchanged: 
 Data sizes:     COMRAM   BANK0   BANK1   BANK2   BANK3   BANK4   BANK5   BANK6   BANK7   BANK8   BANK9  BANK10  BANK11  BANK12  BANK13  BANK14  BANK15
      Params:         2       0       0       0       0       0       0       0       0       0       0       0       0       0       0       0       0
      Locals:         2       0       0       0       0       0       0       0       0       0       0       0       0       0       0       0       0
      Temps:          0       0       0       0       0       0       0       0       0       0       0       0       0       0       0       0       0
      Totals:         4       0       0       0       0       0       0       0       0       0       0       0       0       0       0       0       0
Total ram usage:        4 bytes
 Hardware stack levels used:    1
 This function calls:
		Nothing
 This function is called by:
		_button
 This function uses a non-reentrant model



MODULE INFORMATION

Module		Function		Class		Link	Load	Size
/Applications/microchip/xc8/v2.10/pic/sources/c99/common/awdiv.c
		___awdiv       		CODE           	1B82	0000	197

/Applications/microchip/xc8/v2.10/pic/sources/c99/common/awdiv.c estimated size: 197

button.c
		_readRB0Button 		CODE           	1FF2	0000	73
		_readRA5Button 		CODE           	203A	0000	73
		_button        		CODE           	1C46	0000	195

button.c estimated size: 341

stateClock.c
		_norClock      		CODE           	1DB8	0000	159
		_displayClock  		CODE           	1AB4	0000	207

stateClock.c estimated size: 366

stateStpWatch.c
		_stopWatch     		CODE           	18E0	0000	263
		_displayStpWatch		CODE           	19E6	0000	207

stateStpWatch.c estimated size: 470

BBSPI_LCD.c
		_LCDPutStr     		CODE           	2082	0000	63
		_LCDPutChar    		CODE           	1EC6	0000	103
		_SendByteBBSPI 		CODE           	1E56	0000	113
		_LCDInit       		CODE           	1F92	0000	97
		_LCDPutInst    		CODE           	1F2C	0000	103
		_WritePort_BBSPI		CODE           	2148	0000	27
		_InitBBSPI     		CODE           	2162	0000	19
		_Port_BBSPIInit		CODE           	212E	0000	27

BBSPI_LCD.c estimated size: 552

statesModify.c
		_modifyMinute  		CODE           	1308	0000	305
		_displayModSecond		CODE           	1568	0000	297
		_modifySecond  		CODE           	11D8	0000	305
		_displayModMinute		CODE           	1690	0000	297
		_displayModHour		CODE           	17B8	0000	297
		_modifyHour    		CODE           	1438	0000	305

statesModify.c estimated size: 1806

interrupt.c
		_deviceInterrupt		CODE           	0008	0000	63

interrupt.c estimated size: 63

shared
		__initialization		CODE           	20F8	0000	45

shared estimated size: 45

/Applications/microchip/xc8/v2.10/pic/sources/c99/common/awmod.c
		___awmod       		CODE           	1D08	0000	177

/Applications/microchip/xc8/v2.10/pic/sources/c99/common/awmod.c estimated size: 177

main.c
		_main          		CODE           	1044	0000	405

main.c estimated size: 405

system.c
		_oscillationInitialize		CODE           	2184	0000	11
		_buttonInitialize		CODE           	2198	0000	11
		_timerInitialize		CODE           	2174	0000	17
		_ledInitialize 		CODE           	218E	0000	11

system.c estimated size: 50

